com\TeamDeadlock\ExploreBangladesh\dto\FlightSearchResponse$Itinerary.class
com\TeamDeadlock\ExploreBangladesh\dto\PlaceRecommendationResponse.class
com\TeamDeadlock\ExploreBangladesh\dto\HotelSearchResponse$Feature.class
com\TeamDeadlock\ExploreBangladesh\service\GuidesApiService.class
com\TeamDeadlock\ExploreBangladesh\controller\FlightsController.class
com\TeamDeadlock\ExploreBangladesh\service\CarsApiService.class
com\TeamDeadlock\ExploreBangladesh\service\PlacesRecommendationService.class
com\TeamDeadlock\ExploreBangladesh\config\SecurityConfig.class
com\TeamDeadlock\ExploreBangladesh\dto\HotelSearchResponse.class
com\TeamDeadlock\ExploreBangladesh\ExploreBangladeshApplication.class
com\TeamDeadlock\ExploreBangladesh\config\CorsConfig.class
com\TeamDeadlock\ExploreBangladesh\dto\GuideSearchRequest.class
com\TeamDeadlock\ExploreBangladesh\entity\CityCoordinate.class
com\TeamDeadlock\ExploreBangladesh\config\DataInitializer.class
com\TeamDeadlock\ExploreBangladesh\dto\HotelSearchResponse$Coordinates.class
com\TeamDeadlock\ExploreBangladesh\repository\AirlineRepository.class
com\TeamDeadlock\ExploreBangladesh\controller\CarsController.class
com\TeamDeadlock\ExploreBangladesh\repository\CityCoordinateRepository.class
com\TeamDeadlock\ExploreBangladesh\repository\PlaceRepository.class
com\TeamDeadlock\ExploreBangladesh\dto\PlaceRecommendationResponse$Place.class
com\TeamDeadlock\ExploreBangladesh\controller\GuidesController.class
com\TeamDeadlock\ExploreBangladesh\dto\CarSearchResponse.class
com\TeamDeadlock\ExploreBangladesh\controller\PlacesController.class
com\TeamDeadlock\ExploreBangladesh\dto\FlightSearchRequest.class
com\TeamDeadlock\ExploreBangladesh\dto\FlightSearchResponse$FlightOffer.class
com\TeamDeadlock\ExploreBangladesh\dto\FlightSearchResponse$Segment.class
com\TeamDeadlock\ExploreBangladesh\repository\CarRepository.class
com\TeamDeadlock\ExploreBangladesh\entity\Airline.class
com\TeamDeadlock\ExploreBangladesh\service\FlightsApiService.class
com\TeamDeadlock\ExploreBangladesh\dto\CarSearchResponse$Car.class
com\TeamDeadlock\ExploreBangladesh\dto\GuideSearchResponse.class
com\TeamDeadlock\ExploreBangladesh\controller\HotelsController.class
com\TeamDeadlock\ExploreBangladesh\repository\AirportRepository.class
com\TeamDeadlock\ExploreBangladesh\dto\HotelSearchResponse$Properties.class
com\TeamDeadlock\ExploreBangladesh\entity\Airport.class
com\TeamDeadlock\ExploreBangladesh\dto\HotelSearchResponse$Price.class
com\TeamDeadlock\ExploreBangladesh\dto\FlightSearchResponse.class
com\TeamDeadlock\ExploreBangladesh\dto\HotelSearchResponse$Geometry.class
com\TeamDeadlock\ExploreBangladesh\entity\GuideEntity.class
com\TeamDeadlock\ExploreBangladesh\repository\GuideRepository.class
com\TeamDeadlock\ExploreBangladesh\entity\PlaceEntity.class
com\TeamDeadlock\ExploreBangladesh\dto\CarSearchRequest.class
com\TeamDeadlock\ExploreBangladesh\dto\GuideSearchResponse$Guide.class
com\TeamDeadlock\ExploreBangladesh\entity\CarEntity.class
com\TeamDeadlock\ExploreBangladesh\dto\HotelSearchRequest.class
com\TeamDeadlock\ExploreBangladesh\service\HotelsApiService.class
com\TeamDeadlock\ExploreBangladesh\dto\HotelSearchResponse$Hotel.class
