S:\3-1\project\ExploreBangladesh\src\main\java\com\TeamDeadlock\ExploreBangladesh\config\CorsConfig.java
S:\3-1\project\ExploreBangladesh\src\main\java\com\TeamDeadlock\ExploreBangladesh\config\DataInitializer.java
S:\3-1\project\ExploreBangladesh\src\main\java\com\TeamDeadlock\ExploreBangladesh\config\SecurityConfig.java
S:\3-1\project\ExploreBangladesh\src\main\java\com\TeamDeadlock\ExploreBangladesh\controller\CarsController.java
S:\3-1\project\ExploreBangladesh\src\main\java\com\TeamDeadlock\ExploreBangladesh\controller\FlightsController.java
S:\3-1\project\ExploreBangladesh\src\main\java\com\TeamDeadlock\ExploreBangladesh\controller\GuidesController.java
S:\3-1\project\ExploreBangladesh\src\main\java\com\TeamDeadlock\ExploreBangladesh\controller\HotelsController.java
S:\3-1\project\ExploreBangladesh\src\main\java\com\TeamDeadlock\ExploreBangladesh\controller\PlacesController.java
S:\3-1\project\ExploreBangladesh\src\main\java\com\TeamDeadlock\ExploreBangladesh\dto\CarSearchRequest.java
S:\3-1\project\ExploreBangladesh\src\main\java\com\TeamDeadlock\ExploreBangladesh\dto\CarSearchResponse.java
S:\3-1\project\ExploreBangladesh\src\main\java\com\TeamDeadlock\ExploreBangladesh\dto\FlightSearchRequest.java
S:\3-1\project\ExploreBangladesh\src\main\java\com\TeamDeadlock\ExploreBangladesh\dto\FlightSearchResponse.java
S:\3-1\project\ExploreBangladesh\src\main\java\com\TeamDeadlock\ExploreBangladesh\dto\GuideSearchRequest.java
S:\3-1\project\ExploreBangladesh\src\main\java\com\TeamDeadlock\ExploreBangladesh\dto\GuideSearchResponse.java
S:\3-1\project\ExploreBangladesh\src\main\java\com\TeamDeadlock\ExploreBangladesh\dto\HotelSearchRequest.java
S:\3-1\project\ExploreBangladesh\src\main\java\com\TeamDeadlock\ExploreBangladesh\dto\HotelSearchResponse.java
S:\3-1\project\ExploreBangladesh\src\main\java\com\TeamDeadlock\ExploreBangladesh\dto\PlaceRecommendationResponse.java
S:\3-1\project\ExploreBangladesh\src\main\java\com\TeamDeadlock\ExploreBangladesh\entity\Airline.java
S:\3-1\project\ExploreBangladesh\src\main\java\com\TeamDeadlock\ExploreBangladesh\entity\Airport.java
S:\3-1\project\ExploreBangladesh\src\main\java\com\TeamDeadlock\ExploreBangladesh\entity\CarEntity.java
S:\3-1\project\ExploreBangladesh\src\main\java\com\TeamDeadlock\ExploreBangladesh\entity\CityCoordinate.java
S:\3-1\project\ExploreBangladesh\src\main\java\com\TeamDeadlock\ExploreBangladesh\entity\GuideEntity.java
S:\3-1\project\ExploreBangladesh\src\main\java\com\TeamDeadlock\ExploreBangladesh\entity\PlaceEntity.java
S:\3-1\project\ExploreBangladesh\src\main\java\com\TeamDeadlock\ExploreBangladesh\ExploreBangladeshApplication.java
S:\3-1\project\ExploreBangladesh\src\main\java\com\TeamDeadlock\ExploreBangladesh\repository\AirlineRepository.java
S:\3-1\project\ExploreBangladesh\src\main\java\com\TeamDeadlock\ExploreBangladesh\repository\AirportRepository.java
S:\3-1\project\ExploreBangladesh\src\main\java\com\TeamDeadlock\ExploreBangladesh\repository\CarRepository.java
S:\3-1\project\ExploreBangladesh\src\main\java\com\TeamDeadlock\ExploreBangladesh\repository\CityCoordinateRepository.java
S:\3-1\project\ExploreBangladesh\src\main\java\com\TeamDeadlock\ExploreBangladesh\repository\GuideRepository.java
S:\3-1\project\ExploreBangladesh\src\main\java\com\TeamDeadlock\ExploreBangladesh\repository\PlaceRepository.java
S:\3-1\project\ExploreBangladesh\src\main\java\com\TeamDeadlock\ExploreBangladesh\service\CarsApiService.java
S:\3-1\project\ExploreBangladesh\src\main\java\com\TeamDeadlock\ExploreBangladesh\service\FlightsApiService.java
S:\3-1\project\ExploreBangladesh\src\main\java\com\TeamDeadlock\ExploreBangladesh\service\GuidesApiService.java
S:\3-1\project\ExploreBangladesh\src\main\java\com\TeamDeadlock\ExploreBangladesh\service\HotelsApiService.java
S:\3-1\project\ExploreBangladesh\src\main\java\com\TeamDeadlock\ExploreBangladesh\service\PlacesRecommendationService.java
